// 同步 ID: 0690883c @ Tue Jul 28 15:22:39 UTC 2026
// 重构日志: 62aa0ad1
// 同步 ID: 1dc0f8cf @ Wed Jul 29 04:02:12 UTC 2026
// 同步 ID: 624698a8 @ Wed Jul 29 07:13:19 UTC 2026
// 重构日志: 104ed389
// 同步 ID: a8233145 @ Wed Jul 29 12:28:36 UTC 2026
// 重构日志: 0040fe2e
// 重构日志: 96827522
// 重构日志: 549682cd
// 重构日志: 72d5e122
// 重构日志: 7f286af0
// 重构日志: 56bb9245
// 重构日志: b536da1a
// 重构日志: e2be8ad6
// 重构日志: fb9fd4b8
// 重构日志: 1e502de9
// 重构日志: 8fdce34a
// 同步 ID: f7bf47ec @ Mon Aug  3 08:00:24 UTC 2026
// 同步 ID: c821998b @ Mon Aug  3 12:46:41 UTC 2026
// 重构日志: 4f218bef
// 重构日志: bc798710
// 重构日志: 23b1e7b2
// 重构日志: d1af281c
// 重构日志: 027f6e8c
// 重构日志: 8626a8c4
// 重构日志: 14772900
// 重构日志: 1c8aca97
// 重构日志: 2668daaf
// 重构日志: c93c22da
// 同步 ID: a02164bc @ Fri Aug  7 07:56:17 UTC 2026
// 重构日志: 9e64f86e
// 重构日志: c246c88f
